// Jest Snapshot v1, https://goo.gl/fbAQLP

exports[`Pruebas en el componente <HeroCard/> debe renderizarce correctamente el card 1`] = `
<div
  className="card mt-5 mb-3 m-1  text-xs"
  style={
    Object {
      "maxWidth": 350,
      "minWidth": 150,
      "padding": 0,
    }
  }
>
  <div
    className="row g-0"
  >
    <div
      className="col-md-4"
    >
      <img
        alt="superhero"
        className="card-img"
        src="./images/dc-batman.webp"
      />
    </div>
    <div
      className="col-md-8"
    >
      <div
        className="card-body"
      >
        <h5
          className="card-title"
        >
          Batman
        </h5>
        <p
          className="card-text"
        >
          Bruce Wayne
        </p>
        <p
          className="card-text"
        >
           
          <small
            className="text-muted"
          >
             
            Detective Comics #27
          </small>
        </p>
        <a
          className="text-blue-500"
          href="/hero/dc-batman"
          onClick={[Function]}
        >
          Mas...
        </a>
      </div>
    </div>
  </div>
</div>
`;
